[INFO] Scanning for projects...
[INFO] 
[INFO] ------------------------< com.neosystem:sifen >-------------------------
[INFO] Building sifen 0.0.1-SNAPSHOT
[INFO]   from pom.xml
[INFO] --------------------------------[ jar ]---------------------------------
[INFO] 
[INFO] --- resources:3.3.1:resources (default-resources) @ sifen ---
[INFO] Copying 1 resource from src\main\resources to target\classes
[INFO] Copying 0 resource from src\main\resources to target\classes
[INFO] 
[INFO] --- compiler:3.13.0:compile (default-compile) @ sifen ---
[INFO] Nothing to compile - all classes are up to date.
[INFO] 
[INFO] --- resources:3.3.1:testResources (default-testResources) @ sifen ---
[INFO] skip non existing resourceDirectory C:\Users\angel\Documentos\NeoSystem\Proyectos\sifen\src\test\resources
[INFO] 
[INFO] --- compiler:3.13.0:testCompile (default-testCompile) @ sifen ---
[INFO] Nothing to compile - all classes are up to date.
[INFO] 
[INFO] --- surefire:3.5.2:test (default-test) @ sifen ---
[INFO] Using auto detected provider org.apache.maven.surefire.junitplatform.JUnitPlatformProvider
[INFO] 
[INFO] -------------------------------------------------------
[INFO]  T E S T S
[INFO] -------------------------------------------------------
[INFO] Running com.neosystem.sifen.infrastructure.adapters.sifen.SifenSoapClientAdapterTest
07:44:39.052 [main] INFO org.springframework.test.context.support.AnnotationConfigContextLoaderUtils -- Could not detect default configuration classes for test class [com.neosystem.sifen.infrastructure.adapters.sifen.SifenSoapClientAdapterTest]: SifenSoapClientAdapterTest does not declare any static, non-private, non-final, nested classes annotated with @Configuration.
07:44:39.161 [main] INFO org.springframework.boot.test.context.SpringBootTestContextBootstrapper -- Found @SpringBootConfiguration com.neosystem.sifen.SifenApplication for test class com.neosystem.sifen.infrastructure.adapters.sifen.SifenSoapClientAdapterTest

  .   ____          _            __ _ _
 /\\ / ___'_ __ _ _(_)_ __  __ _ \ \ \ \
( ( )\___ | '_ | '_| | '_ \/ _` | \ \ \ \
 \\/  ___)| |_)| | | | | || (_| |  ) ) ) )
  '  |____| .__|_| |_|_| |_\__, | / / / /
 =========|_|==============|___/=/_/_/_/

 :: Spring Boot ::                (v3.4.2)

2026-02-03T07:44:39.654-03:00  INFO 10268 --- [           main] c.n.s.i.a.s.SifenSoapClientAdapterTest   : Starting SifenSoapClientAdapterTest using Java 21.0.10 with PID 10268 (started by angel in C:\Users\angel\Documentos\NeoSystem\Proyectos\sifen)
2026-02-03T07:44:39.656-03:00  INFO 10268 --- [           main] c.n.s.i.a.s.SifenSoapClientAdapterTest   : No active profile set, falling back to 1 default profile: "default"
2026-02-03T07:44:40.574-03:00  WARN 10268 --- [           main] trationDelegate$BeanPostProcessorChecker : Bean 'org.springframework.ws.config.annotation.DelegatingWsConfiguration' of type [org.springframework.ws.config.annotation.DelegatingWsConfiguration$$SpringCGLIB$$0] is not eligible for getting processed by all BeanPostProcessors (for example: not eligible for auto-proxying). The currently created BeanPostProcessor [annotationActionEndpointMapping] is declared through a non-static factory method on that class; consider declaring it as static instead.
2026-02-03T07:44:40.609-03:00  INFO 10268 --- [           main] .w.s.a.s.AnnotationActionEndpointMapping : Supporting [WS-Addressing August 2004, WS-Addressing 1.0]
2026-02-03T07:44:40.636-03:00  INFO 10268 --- [           main] o.s.ws.soap.saaj.SaajSoapMessageFactory  : Creating SAAJ 1.3 MessageFactory with SOAP 1.2 Protocol
2026-02-03T07:44:40.643-03:00 DEBUG 10268 --- [           main] o.s.ws.soap.saaj.SaajSoapMessageFactory  : Using MessageFactory class [com.sun.xml.messaging.saaj.soap.ver1_2.SOAPMessageFactory1_2Impl]
2026-02-03T07:44:41.376-03:00 DEBUG 10268 --- [           main] yloadRootAnnotationMethodEndpointMapping : Looking for endpoints in application context: org.springframework.web.context.support.GenericWebApplicationContext@25cc7470, started on Tue Feb 03 07:44:39 PYT 2026
2026-02-03T07:44:41.378-03:00 DEBUG 10268 --- [           main] oapActionAnnotationMethodEndpointMapping : Looking for endpoints in application context: org.springframework.web.context.support.GenericWebApplicationContext@25cc7470, started on Tue Feb 03 07:44:39 PYT 2026
2026-02-03T07:44:41.397-03:00 DEBUG 10268 --- [           main] o.s.w.s.e.a.DefaultMethodEndpointAdapter : No MethodArgumentResolvers set, using defaults: [org.springframework.ws.server.endpoint.adapter.method.dom.DomPayloadMethodProcessor@5eb0a686, org.springframework.ws.server.endpoint.adapter.method.MessageContextMethodArgumentResolver@73608eb0, org.springframework.ws.server.endpoint.adapter.method.SourcePayloadMethodProcessor@67f9cb52, org.springframework.ws.server.endpoint.adapter.method.XPathParamMethodArgumentResolver@2de9ca6, org.springframework.ws.soap.server.endpoint.adapter.method.SoapMethodArgumentResolver@59018eed, org.springframework.ws.soap.server.endpoint.adapter.method.SoapHeaderElementMethodArgumentResolver@2ee39e73, org.springframework.ws.server.endpoint.adapter.method.jaxb.XmlRootElementPayloadMethodProcessor@76973a6, org.springframework.ws.server.endpoint.adapter.method.jaxb.JaxbElementPayloadMethodProcessor@71a4f441, org.springframework.ws.server.endpoint.adapter.method.StaxPayloadMethodArgumentResolver@24876a7e]
2026-02-03T07:44:41.398-03:00 DEBUG 10268 --- [           main] o.s.w.s.e.a.DefaultMethodEndpointAdapter : No MethodReturnValueHandlers set, using defaults: [org.springframework.ws.server.endpoint.adapter.method.dom.DomPayloadMethodProcessor@1a9ec80e, org.springframework.ws.server.endpoint.adapter.method.SourcePayloadMethodProcessor@7fd4e815, org.springframework.ws.server.endpoint.adapter.method.jaxb.XmlRootElementPayloadMethodProcessor@5f6b53ed, org.springframework.ws.server.endpoint.adapter.method.jaxb.JaxbElementPayloadMethodProcessor@20cdb152]
2026-02-03T07:44:41.423-03:00  INFO 10268 --- [           main] c.n.s.i.a.s.SifenSoapClientAdapterTest   : Started SifenSoapClientAdapterTest in 2.108 seconds (process running for 3.007)
Mockito is currently self-attaching to enable the inline-mock-maker. This will no longer work in future releases of the JDK. Please add Mockito as an agent to your build what is described in Mockito's documentation: https://javadoc.io/doc/org.mockito/mockito-core/latest/org/mockito/Mockito.html#0.3
Java HotSpot(TM) 64-Bit Server VM warning: Sharing is only supported for boot loader classes because bootstrap classpath has been appended
WARNING: A Java agent has been loaded dynamically (C:\Users\angel\.m2\repository\net\bytebuddy\byte-buddy-agent\1.15.11\byte-buddy-agent-1.15.11.jar)
WARNING: If a serviceability tool is in use, please run with -XX:+EnableDynamicAgentLoading to hide this warning
WARNING: If a serviceability tool is not in use, please run with -Djdk.instrument.traceUsage for more information
WARNING: Dynamic loading of agents will be disallowed by default in a future release
2026-02-03T07:44:42.212-03:00 DEBUG 10268 --- [           main] o.s.ws.client.core.WebServiceTemplate    : Opening [org.springframework.ws.transport.http.HttpUrlConnection@75dc1c1c] to [https://sifen-test.set.gov.py/de/ws/consultas/consulta-ruc]
2026-02-03T07:44:42.307-03:00 TRACE 10268 --- [           main] o.s.ws.client.MessageTracing.sent        : Sent request [<env:Envelope xmlns:env="http://www.w3.org/2003/05/soap-envelope"><env:Header/><env:Body><rConsRuc xmlns="http://ekuatia.set.gov.py/sifen/xsd">  <dVerFor>150</dVerFor>  <dId>1</dId>  <dRucRec>99999901</dRucRec></rConsRuc></env:Body></env:Envelope>]
2026-02-03T07:44:42.551-03:00 DEBUG 10268 --- [           main] o.s.ws.client.core.WebServiceTemplate    : Received error for request [SaajSoapMessage {http://ekuatia.set.gov.py/sifen/xsd}rConsRuc]
SOAP Call failed: Error [400]
org.springframework.ws.client.WebServiceTransportException: Error [400]
	at org.springframework.ws.client.core.WebServiceTemplate.handleError(WebServiceTemplate.java:666)
	at org.springframework.ws.client.core.WebServiceTemplate.doSendAndReceive(WebServiceTemplate.java:588)
	at org.springframework.ws.client.core.WebServiceTemplate.sendAndReceive(WebServiceTemplate.java:539)
	at org.springframework.ws.client.core.WebServiceTemplate.doSendAndReceive(WebServiceTemplate.java:493)
	at org.springframework.ws.client.core.WebServiceTemplate.sendSourceAndReceiveToResult(WebServiceTemplate.java:442)
	at com.neosystem.sifen.infrastructure.adapters.sifen.SifenSoapClientAdapter.consultaRuc(SifenSoapClientAdapter.java:38)
	at com.neosystem.sifen.infrastructure.adapters.sifen.SifenSoapClientAdapterTest.testConsultaRuc(SifenSoapClientAdapterTest.java:22)
	at java.base/jdk.internal.reflect.DirectMethodHandleAccessor.invoke(DirectMethodHandleAccessor.java:103)
	at java.base/java.lang.reflect.Method.invoke(Method.java:580)
	at org.junit.platform.commons.util.ReflectionUtils.invokeMethod(ReflectionUtils.java:767)
	at org.junit.jupiter.engine.execution.MethodInvocation.proceed(MethodInvocation.java:60)
	at org.junit.jupiter.engine.execution.InvocationInterceptorChain$ValidatingInvocation.proceed(InvocationInterceptorChain.java:131)
	at org.junit.jupiter.engine.extension.TimeoutExtension.intercept(TimeoutExtension.java:156)
	at org.junit.jupiter.engine.extension.TimeoutExtension.interceptTestableMethod(TimeoutExtension.java:147)
	at org.junit.jupiter.engine.extension.TimeoutExtension.interceptTestMethod(TimeoutExtension.java:86)
	at org.junit.jupiter.engine.execution.InterceptingExecutableInvoker$ReflectiveInterceptorCall.lambda$ofVoidMethod$0(InterceptingExecutableInvoker.java:103)
	at org.junit.jupiter.engine.execution.InterceptingExecutableInvoker.lambda$invoke$0(InterceptingExecutableInvoker.java:93)
	at org.junit.jupiter.engine.execution.InvocationInterceptorChain$InterceptedInvocation.proceed(InvocationInterceptorChain.java:106)
	at org.junit.jupiter.engine.execution.InvocationInterceptorChain.proceed(InvocationInterceptorChain.java:64)
	at org.junit.jupiter.engine.execution.InvocationInterceptorChain.chainAndInvoke(InvocationInterceptorChain.java:45)
	at org.junit.jupiter.engine.execution.InvocationInterceptorChain.invoke(InvocationInterceptorChain.java:37)
	at org.junit.jupiter.engine.execution.InterceptingExecutableInvoker.invoke(InterceptingExecutableInvoker.java:92)
	at org.junit.jupiter.engine.execution.InterceptingExecutableInvoker.invoke(InterceptingExecutableInvoker.java:86)
	at org.junit.jupiter.engine.descriptor.TestMethodTestDescriptor.lambda$invokeTestMethod$8(TestMethodTestDescriptor.java:217)
	at org.junit.platform.engine.support.hierarchical.ThrowableCollector.execute(ThrowableCollector.java:73)
	at org.junit.jupiter.engine.descriptor.TestMethodTestDescriptor.invokeTestMethod(TestMethodTestDescriptor.java:213)
	at org.junit.jupiter.engine.descriptor.TestMethodTestDescriptor.execute(TestMethodTestDescriptor.java:138)
	at org.junit.jupiter.engine.descriptor.TestMethodTestDescriptor.execute(TestMethodTestDescriptor.java:68)
	at org.junit.platform.engine.support.hierarchical.NodeTestTask.lambda$executeRecursively$6(NodeTestTask.java:156)
	at org.junit.platform.engine.support.hierarchical.ThrowableCollector.execute(ThrowableCollector.java:73)
	at org.junit.platform.engine.support.hierarchical.NodeTestTask.lambda$executeRecursively$8(NodeTestTask.java:146)
	at org.junit.platform.engine.support.hierarchical.Node.around(Node.java:137)
	at org.junit.platform.engine.support.hierarchical.NodeTestTask.lambda$executeRecursively$9(NodeTestTask.java:144)
	at org.junit.platform.engine.support.hierarchical.ThrowableCollector.execute(ThrowableCollector.java:73)
	at org.junit.platform.engine.support.hierarchical.NodeTestTask.executeRecursively(NodeTestTask.java:143)
	at org.junit.platform.engine.support.hierarchical.NodeTestTask.execute(NodeTestTask.java:100)
	at java.base/java.util.ArrayList.forEach(ArrayList.java:1596)
	at org.junit.platform.engine.support.hierarchical.SameThreadHierarchicalTestExecutorService.invokeAll(SameThreadHierarchicalTestExecutorService.java:41)
	at org.junit.platform.engine.support.hierarchical.NodeTestTask.lambda$executeRecursively$6(NodeTestTask.java:160)
	at org.junit.platform.engine.support.hierarchical.ThrowableCollector.execute(ThrowableCollector.java:73)
	at org.junit.platform.engine.support.hierarchical.NodeTestTask.lambda$executeRecursively$8(NodeTestTask.java:146)
	at org.junit.platform.engine.support.hierarchical.Node.around(Node.java:137)
	at org.junit.platform.engine.support.hierarchical.NodeTestTask.lambda$executeRecursively$9(NodeTestTask.java:144)
	at org.junit.platform.engine.support.hierarchical.ThrowableCollector.execute(ThrowableCollector.java:73)
	at org.junit.platform.engine.support.hierarchical.NodeTestTask.executeRecursively(NodeTestTask.java:143)
	at org.junit.platform.engine.support.hierarchical.NodeTestTask.execute(NodeTestTask.java:100)
	at java.base/java.util.ArrayList.forEach(ArrayList.java:1596)
	at org.junit.platform.engine.support.hierarchical.SameThreadHierarchicalTestExecutorService.invokeAll(SameThreadHierarchicalTestExecutorService.java:41)
	at org.junit.platform.engine.support.hierarchical.NodeTestTask.lambda$executeRecursively$6(NodeTestTask.java:160)
	at org.junit.platform.engine.support.hierarchical.ThrowableCollector.execute(ThrowableCollector.java:73)
	at org.junit.platform.engine.support.hierarchical.NodeTestTask.lambda$executeRecursively$8(NodeTestTask.java:146)
	at org.junit.platform.engine.support.hierarchical.Node.around(Node.java:137)
	at org.junit.platform.engine.support.hierarchical.NodeTestTask.lambda$executeRecursively$9(NodeTestTask.java:144)
	at org.junit.platform.engine.support.hierarchical.ThrowableCollector.execute(ThrowableCollector.java:73)
	at org.junit.platform.engine.support.hierarchical.NodeTestTask.executeRecursively(NodeTestTask.java:143)
	at org.junit.platform.engine.support.hierarchical.NodeTestTask.execute(NodeTestTask.java:100)
	at org.junit.platform.engine.support.hierarchical.SameThreadHierarchicalTestExecutorService.submit(SameThreadHierarchicalTestExecutorService.java:35)
	at org.junit.platform.engine.support.hierarchical.HierarchicalTestExecutor.execute(HierarchicalTestExecutor.java:57)
	at org.junit.platform.engine.support.hierarchical.HierarchicalTestEngine.execute(HierarchicalTestEngine.java:54)
	at org.junit.platform.launcher.core.EngineExecutionOrchestrator.execute(EngineExecutionOrchestrator.java:198)
	at org.junit.platform.launcher.core.EngineExecutionOrchestrator.execute(EngineExecutionOrchestrator.java:169)
	at org.junit.platform.launcher.core.EngineExecutionOrchestrator.execute(EngineExecutionOrchestrator.java:93)
	at org.junit.platform.launcher.core.EngineExecutionOrchestrator.lambda$execute$0(EngineExecutionOrchestrator.java:58)
	at org.junit.platform.launcher.core.EngineExecutionOrchestrator.withInterceptedStreams(EngineExecutionOrchestrator.java:141)
	at org.junit.platform.launcher.core.EngineExecutionOrchestrator.execute(EngineExecutionOrchestrator.java:57)
	at org.junit.platform.launcher.core.DefaultLauncher.execute(DefaultLauncher.java:103)
	at org.junit.platform.launcher.core.DefaultLauncher.execute(DefaultLauncher.java:85)
	at org.junit.platform.launcher.core.DelegatingLauncher.execute(DelegatingLauncher.java:47)
	at org.apache.maven.surefire.junitplatform.LazyLauncher.execute(LazyLauncher.java:56)
	at org.apache.maven.surefire.junitplatform.JUnitPlatformProvider.execute(JUnitPlatformProvider.java:184)
	at org.apache.maven.surefire.junitplatform.JUnitPlatformProvider.invokeAllTests(JUnitPlatformProvider.java:148)
	at org.apache.maven.surefire.junitplatform.JUnitPlatformProvider.invoke(JUnitPlatformProvider.java:122)
	at org.apache.maven.surefire.booter.ForkedBooter.runSuitesInProcess(ForkedBooter.java:385)
	at org.apache.maven.surefire.booter.ForkedBooter.execute(ForkedBooter.java:162)
	at org.apache.maven.surefire.booter.ForkedBooter.run(ForkedBooter.java:507)
	at org.apache.maven.surefire.booter.ForkedBooter.main(ForkedBooter.java:495)
[ERROR] Tests run: 1, Failures: 0, Errors: 1, Skipped: 0, Time elapsed: 3.697 s <<< FAILURE! -- in com.neosystem.sifen.infrastructure.adapters.sifen.SifenSoapClientAdapterTest
[ERROR] com.neosystem.sifen.infrastructure.adapters.sifen.SifenSoapClientAdapterTest.testConsultaRuc -- Time elapsed: 1.149 s <<< ERROR!
org.springframework.ws.client.WebServiceTransportException: Error [400]
	at org.springframework.ws.client.core.WebServiceTemplate.handleError(WebServiceTemplate.java:666)
	at org.springframework.ws.client.core.WebServiceTemplate.doSendAndReceive(WebServiceTemplate.java:588)
	at org.springframework.ws.client.core.WebServiceTemplate.sendAndReceive(WebServiceTemplate.java:539)
	at org.springframework.ws.client.core.WebServiceTemplate.doSendAndReceive(WebServiceTemplate.java:493)
	at org.springframework.ws.client.core.WebServiceTemplate.sendSourceAndReceiveToResult(WebServiceTemplate.java:442)
	at com.neosystem.sifen.infrastructure.adapters.sifen.SifenSoapClientAdapter.consultaRuc(SifenSoapClientAdapter.java:38)
	at com.neosystem.sifen.infrastructure.adapters.sifen.SifenSoapClientAdapterTest.testConsultaRuc(SifenSoapClientAdapterTest.java:22)
	at java.base/java.lang.reflect.Method.invoke(Method.java:580)
	at java.base/java.util.ArrayList.forEach(ArrayList.java:1596)
	at java.base/java.util.ArrayList.forEach(ArrayList.java:1596)

[INFO] 
[INFO] Results:
[INFO] 
[ERROR] Errors: 
[ERROR]   SifenSoapClientAdapterTest.testConsultaRuc:22 ╗ WebServiceTransport Error [400]
[INFO] 
[ERROR] Tests run: 1, Failures: 0, Errors: 1, Skipped: 0
[INFO] 
[INFO] ------------------------------------------------------------------------
[INFO] BUILD FAILURE
[INFO] ------------------------------------------------------------------------
[INFO] Total time:  5.657 s
[INFO] Finished at: 2026-02-03T07:44:42-03:00
[INFO] ------------------------------------------------------------------------
[ERROR] Failed to execute goal org.apache.maven.plugins:maven-surefire-plugin:3.5.2:test (default-test) on project sifen: 
[ERROR] 
[ERROR] See C:\Users\angel\Documentos\NeoSystem\Proyectos\sifen\target\surefire-reports for the individual test results.
[ERROR] See dump files (if any exist) [date].dump, [date]-jvmRun[N].dump and [date].dumpstream.
[ERROR] -> [Help 1]
[ERROR] 
[ERROR] To see the full stack trace of the errors, re-run Maven with the -e switch.
[ERROR] Re-run Maven using the -X switch to enable full debug logging.
[ERROR] 
[ERROR] For more information about the errors and possible solutions, please read the following articles:
[ERROR] [Help 1] http://cwiki.apache.org/confluence/display/MAVEN/MojoFailureException
